// Jest Snapshot v1, https://goo.gl/fbAQLP

exports[`CurrencyDetails renders correctly 1`] = `
ShallowWrapper {
  "length": 1,
  Symbol(enzyme.__root__): [Circular],
  Symbol(enzyme.__unrendered__): <CurrencyDetails
    currency={
        Object {
            "availableSupply": null,
            "fiatCurrency": undefined,
            "id": "bitcoin",
            "lastUpdated": null,
            "marketCap": undefined,
            "name": "Bitcoin",
            "percentChange1h": null,
            "percentChange24h": null,
            "percentChange7d": null,
            "price": undefined,
            "priceBtc": null,
            "rank": "1",
            "symbol": "BTC",
            "totalSupply": null,
            "volume24h": undefined,
          }
    }
/>,
  Symbol(enzyme.__renderer__): Object {
    "batchedUpdates": [Function],
    "getNode": [Function],
    "render": [Function],
    "simulateEvent": [Function],
    "unmount": [Function],
  },
  Symbol(enzyme.__node__): Object {
    "instance": null,
    "key": undefined,
    "nodeType": "host",
    "props": Object {
      "children": Array [
        <div
          className="row"
>
          <div
                    className="col-lg-3 col-md-3"
          >
                    <ControlLabel
                              bsClass="control-label"
                              srOnly={false}
                    >
                               Rank 
                    </ControlLabel>
                    <span>
                               
                              1
                               
                    </span>
          </div>
          <div
                    className="col-lg-3 col-md-3"
          >
                    <ControlLabel
                              bsClass="control-label"
                              srOnly={false}
                    >
                               Name 
                    </ControlLabel>
                    <span>
                               
                              Bitcoin
                               
                    </span>
          </div>
          <div
                    className="col-lg-3 col-md-3"
          >
                    <ControlLabel
                              bsClass="control-label"
                              srOnly={false}
                    >
                               Symbol 
                    </ControlLabel>
                    <span>
                               
                              BTC
                               
                    </span>
          </div>
</div>,
        <div
          className="row"
>
          <div
                    className="col-lg-3 col-md-3"
          >
                    <ControlLabel
                              bsClass="control-label"
                              srOnly={false}
                    >
                               
                              Price in undefined
                               
                    </ControlLabel>
                    <span>
                               
                               
                    </span>
          </div>
          <div
                    className="col-lg-3 col-md-3"
          >
                    <ControlLabel
                              bsClass="control-label"
                              srOnly={false}
                    >
                               
                              24h volume in undefined
                               
                    </ControlLabel>
                    <span>
                               
                               
                    </span>
          </div>
          <div
                    className="col-lg-3 col-md-3"
          >
                    <ControlLabel
                              bsClass="control-label"
                              srOnly={false}
                    >
                               
                              Market Cap in undefined
                               
                    </ControlLabel>
                    <span>
                               
                               
                    </span>
          </div>
</div>,
        <div
          className="row"
>
          <div
                    className="col-lg-3 col-md-3"
          >
                    <ControlLabel
                              bsClass="control-label"
                              srOnly={false}
                    >
                               1h ​change 
                    </ControlLabel>
                    <span>
                               
                               
                    </span>
          </div>
          <div
                    className="col-lg-3 col-md-3"
          >
                    <ControlLabel
                              bsClass="control-label"
                              srOnly={false}
                    >
                               24h change 
                    </ControlLabel>
                    <span>
                               
                               
                    </span>
          </div>
          <div
                    className="col-lg-3 col-md-3"
          >
                    <ControlLabel
                              bsClass="control-label"
                              srOnly={false}
                    >
                               7d change 
                    </ControlLabel>
                    <span>
                               
                               
                    </span>
          </div>
</div>,
        <div
          className="row"
>
          <div
                    className="col-lg-3 col-md-3"
          >
                    <ControlLabel
                              bsClass="control-label"
                              srOnly={false}
                    >
                               Price in bitcoin 
                    </ControlLabel>
                    <span>
                               
                               
                    </span>
          </div>
          <div
                    className="col-lg-3 col-md-3"
          >
                    <ControlLabel
                              bsClass="control-label"
                              srOnly={false}
                    >
                               Available Supply 
                    </ControlLabel>
                    <span>
                               
                               
                    </span>
          </div>
          <div
                    className="col-lg-3 col-md-3"
          >
                    <ControlLabel
                              bsClass="control-label"
                              srOnly={false}
                    >
                               Total Supply 
                    </ControlLabel>
                    <span>
                               
                               
                    </span>
          </div>
</div>,
      ],
      "className": "currency-details-margins",
    },
    "ref": null,
    "rendered": Array [
      Object {
        "instance": null,
        "key": undefined,
        "nodeType": "host",
        "props": Object {
          "children": Array [
            <div
              className="col-lg-3 col-md-3"
>
              <ControlLabel
                            bsClass="control-label"
                            srOnly={false}
              >
                             Rank 
              </ControlLabel>
              <span>
                             
                            1
                             
              </span>
</div>,
            <div
              className="col-lg-3 col-md-3"
>
              <ControlLabel
                            bsClass="control-label"
                            srOnly={false}
              >
                             Name 
              </ControlLabel>
              <span>
                             
                            Bitcoin
                             
              </span>
</div>,
            <div
              className="col-lg-3 col-md-3"
>
              <ControlLabel
                            bsClass="control-label"
                            srOnly={false}
              >
                             Symbol 
              </ControlLabel>
              <span>
                             
                            BTC
                             
              </span>
</div>,
          ],
          "className": "row",
        },
        "ref": null,
        "rendered": Array [
          Object {
            "instance": null,
            "key": undefined,
            "nodeType": "host",
            "props": Object {
              "children": Array [
                <ControlLabel
                  bsClass="control-label"
                  srOnly={false}
>
                   Rank 
</ControlLabel>,
                <span>
                   
                  1
                   
</span>,
              ],
              "className": "col-lg-3 col-md-3",
            },
            "ref": null,
            "rendered": Array [
              Object {
                "instance": null,
                "key": undefined,
                "nodeType": "class",
                "props": Object {
                  "bsClass": "control-label",
                  "children": " Rank ",
                  "srOnly": false,
                },
                "ref": null,
                "rendered": " Rank ",
                "type": [Function],
              },
              Object {
                "instance": null,
                "key": undefined,
                "nodeType": "host",
                "props": Object {
                  "children": Array [
                    " ",
                    "1",
                    " ",
                  ],
                },
                "ref": null,
                "rendered": Array [
                  " ",
                  "1",
                  " ",
                ],
                "type": "span",
              },
            ],
            "type": "div",
          },
          Object {
            "instance": null,
            "key": undefined,
            "nodeType": "host",
            "props": Object {
              "children": Array [
                <ControlLabel
                  bsClass="control-label"
                  srOnly={false}
>
                   Name 
</ControlLabel>,
                <span>
                   
                  Bitcoin
                   
</span>,
              ],
              "className": "col-lg-3 col-md-3",
            },
            "ref": null,
            "rendered": Array [
              Object {
                "instance": null,
                "key": undefined,
                "nodeType": "class",
                "props": Object {
                  "bsClass": "control-label",
                  "children": " Name ",
                  "srOnly": false,
                },
                "ref": null,
                "rendered": " Name ",
                "type": [Function],
              },
              Object {
                "instance": null,
                "key": undefined,
                "nodeType": "host",
                "props": Object {
                  "children": Array [
                    " ",
                    "Bitcoin",
                    " ",
                  ],
                },
                "ref": null,
                "rendered": Array [
                  " ",
                  "Bitcoin",
                  " ",
                ],
                "type": "span",
              },
            ],
            "type": "div",
          },
          Object {
            "instance": null,
            "key": undefined,
            "nodeType": "host",
            "props": Object {
              "children": Array [
                <ControlLabel
                  bsClass="control-label"
                  srOnly={false}
>
                   Symbol 
</ControlLabel>,
                <span>
                   
                  BTC
                   
</span>,
              ],
              "className": "col-lg-3 col-md-3",
            },
            "ref": null,
            "rendered": Array [
              Object {
                "instance": null,
                "key": undefined,
                "nodeType": "class",
                "props": Object {
                  "bsClass": "control-label",
                  "children": " Symbol ",
                  "srOnly": false,
                },
                "ref": null,
                "rendered": " Symbol ",
                "type": [Function],
              },
              Object {
                "instance": null,
                "key": undefined,
                "nodeType": "host",
                "props": Object {
                  "children": Array [
                    " ",
                    "BTC",
                    " ",
                  ],
                },
                "ref": null,
                "rendered": Array [
                  " ",
                  "BTC",
                  " ",
                ],
                "type": "span",
              },
            ],
            "type": "div",
          },
        ],
        "type": "div",
      },
      Object {
        "instance": null,
        "key": undefined,
        "nodeType": "host",
        "props": Object {
          "children": Array [
            <div
              className="col-lg-3 col-md-3"
>
              <ControlLabel
                            bsClass="control-label"
                            srOnly={false}
              >
                             
                            Price in undefined
                             
              </ControlLabel>
              <span>
                             
                             
              </span>
</div>,
            <div
              className="col-lg-3 col-md-3"
>
              <ControlLabel
                            bsClass="control-label"
                            srOnly={false}
              >
                             
                            24h volume in undefined
                             
              </ControlLabel>
              <span>
                             
                             
              </span>
</div>,
            <div
              className="col-lg-3 col-md-3"
>
              <ControlLabel
                            bsClass="control-label"
                            srOnly={false}
              >
                             
                            Market Cap in undefined
                             
              </ControlLabel>
              <span>
                             
                             
              </span>
</div>,
          ],
          "className": "row",
        },
        "ref": null,
        "rendered": Array [
          Object {
            "instance": null,
            "key": undefined,
            "nodeType": "host",
            "props": Object {
              "children": Array [
                <ControlLabel
                  bsClass="control-label"
                  srOnly={false}
>
                   
                  Price in undefined
                   
</ControlLabel>,
                <span>
                   
                   
</span>,
              ],
              "className": "col-lg-3 col-md-3",
            },
            "ref": null,
            "rendered": Array [
              Object {
                "instance": null,
                "key": undefined,
                "nodeType": "class",
                "props": Object {
                  "bsClass": "control-label",
                  "children": Array [
                    " ",
                    "Price in undefined",
                    " ",
                  ],
                  "srOnly": false,
                },
                "ref": null,
                "rendered": Array [
                  " ",
                  "Price in undefined",
                  " ",
                ],
                "type": [Function],
              },
              Object {
                "instance": null,
                "key": undefined,
                "nodeType": "host",
                "props": Object {
                  "children": Array [
                    " ",
                    undefined,
                    " ",
                  ],
                },
                "ref": null,
                "rendered": Array [
                  " ",
                  undefined,
                  " ",
                ],
                "type": "span",
              },
            ],
            "type": "div",
          },
          Object {
            "instance": null,
            "key": undefined,
            "nodeType": "host",
            "props": Object {
              "children": Array [
                <ControlLabel
                  bsClass="control-label"
                  srOnly={false}
>
                   
                  24h volume in undefined
                   
</ControlLabel>,
                <span>
                   
                   
</span>,
              ],
              "className": "col-lg-3 col-md-3",
            },
            "ref": null,
            "rendered": Array [
              Object {
                "instance": null,
                "key": undefined,
                "nodeType": "class",
                "props": Object {
                  "bsClass": "control-label",
                  "children": Array [
                    " ",
                    "24h volume in undefined",
                    " ",
                  ],
                  "srOnly": false,
                },
                "ref": null,
                "rendered": Array [
                  " ",
                  "24h volume in undefined",
                  " ",
                ],
                "type": [Function],
              },
              Object {
                "instance": null,
                "key": undefined,
                "nodeType": "host",
                "props": Object {
                  "children": Array [
                    " ",
                    undefined,
                    " ",
                  ],
                },
                "ref": null,
                "rendered": Array [
                  " ",
                  undefined,
                  " ",
                ],
                "type": "span",
              },
            ],
            "type": "div",
          },
          Object {
            "instance": null,
            "key": undefined,
            "nodeType": "host",
            "props": Object {
              "children": Array [
                <ControlLabel
                  bsClass="control-label"
                  srOnly={false}
>
                   
                  Market Cap in undefined
                   
</ControlLabel>,
                <span>
                   
                   
</span>,
              ],
              "className": "col-lg-3 col-md-3",
            },
            "ref": null,
            "rendered": Array [
              Object {
                "instance": null,
                "key": undefined,
                "nodeType": "class",
                "props": Object {
                  "bsClass": "control-label",
                  "children": Array [
                    " ",
                    "Market Cap in undefined",
                    " ",
                  ],
                  "srOnly": false,
                },
                "ref": null,
                "rendered": Array [
                  " ",
                  "Market Cap in undefined",
                  " ",
                ],
                "type": [Function],
              },
              Object {
                "instance": null,
                "key": undefined,
                "nodeType": "host",
                "props": Object {
                  "children": Array [
                    " ",
                    undefined,
                    " ",
                  ],
                },
                "ref": null,
                "rendered": Array [
                  " ",
                  undefined,
                  " ",
                ],
                "type": "span",
              },
            ],
            "type": "div",
          },
        ],
        "type": "div",
      },
      Object {
        "instance": null,
        "key": undefined,
        "nodeType": "host",
        "props": Object {
          "children": Array [
            <div
              className="col-lg-3 col-md-3"
>
              <ControlLabel
                            bsClass="control-label"
                            srOnly={false}
              >
                             1h ​change 
              </ControlLabel>
              <span>
                             
                             
              </span>
</div>,
            <div
              className="col-lg-3 col-md-3"
>
              <ControlLabel
                            bsClass="control-label"
                            srOnly={false}
              >
                             24h change 
              </ControlLabel>
              <span>
                             
                             
              </span>
</div>,
            <div
              className="col-lg-3 col-md-3"
>
              <ControlLabel
                            bsClass="control-label"
                            srOnly={false}
              >
                             7d change 
              </ControlLabel>
              <span>
                             
                             
              </span>
</div>,
          ],
          "className": "row",
        },
        "ref": null,
        "rendered": Array [
          Object {
            "instance": null,
            "key": undefined,
            "nodeType": "host",
            "props": Object {
              "children": Array [
                <ControlLabel
                  bsClass="control-label"
                  srOnly={false}
>
                   1h ​change 
</ControlLabel>,
                <span>
                   
                   
</span>,
              ],
              "className": "col-lg-3 col-md-3",
            },
            "ref": null,
            "rendered": Array [
              Object {
                "instance": null,
                "key": undefined,
                "nodeType": "class",
                "props": Object {
                  "bsClass": "control-label",
                  "children": " 1h ​change ",
                  "srOnly": false,
                },
                "ref": null,
                "rendered": " 1h ​change ",
                "type": [Function],
              },
              Object {
                "instance": null,
                "key": undefined,
                "nodeType": "host",
                "props": Object {
                  "children": Array [
                    " ",
                    null,
                    " ",
                  ],
                },
                "ref": null,
                "rendered": Array [
                  " ",
                  null,
                  " ",
                ],
                "type": "span",
              },
            ],
            "type": "div",
          },
          Object {
            "instance": null,
            "key": undefined,
            "nodeType": "host",
            "props": Object {
              "children": Array [
                <ControlLabel
                  bsClass="control-label"
                  srOnly={false}
>
                   24h change 
</ControlLabel>,
                <span>
                   
                   
</span>,
              ],
              "className": "col-lg-3 col-md-3",
            },
            "ref": null,
            "rendered": Array [
              Object {
                "instance": null,
                "key": undefined,
                "nodeType": "class",
                "props": Object {
                  "bsClass": "control-label",
                  "children": " 24h change ",
                  "srOnly": false,
                },
                "ref": null,
                "rendered": " 24h change ",
                "type": [Function],
              },
              Object {
                "instance": null,
                "key": undefined,
                "nodeType": "host",
                "props": Object {
                  "children": Array [
                    " ",
                    null,
                    " ",
                  ],
                },
                "ref": null,
                "rendered": Array [
                  " ",
                  null,
                  " ",
                ],
                "type": "span",
              },
            ],
            "type": "div",
          },
          Object {
            "instance": null,
            "key": undefined,
            "nodeType": "host",
            "props": Object {
              "children": Array [
                <ControlLabel
                  bsClass="control-label"
                  srOnly={false}
>
                   7d change 
</ControlLabel>,
                <span>
                   
                   
</span>,
              ],
              "className": "col-lg-3 col-md-3",
            },
            "ref": null,
            "rendered": Array [
              Object {
                "instance": null,
                "key": undefined,
                "nodeType": "class",
                "props": Object {
                  "bsClass": "control-label",
                  "children": " 7d change ",
                  "srOnly": false,
                },
                "ref": null,
                "rendered": " 7d change ",
                "type": [Function],
              },
              Object {
                "instance": null,
                "key": undefined,
                "nodeType": "host",
                "props": Object {
                  "children": Array [
                    " ",
                    null,
                    " ",
                  ],
                },
                "ref": null,
                "rendered": Array [
                  " ",
                  null,
                  " ",
                ],
                "type": "span",
              },
            ],
            "type": "div",
          },
        ],
        "type": "div",
      },
      Object {
        "instance": null,
        "key": undefined,
        "nodeType": "host",
        "props": Object {
          "children": Array [
            <div
              className="col-lg-3 col-md-3"
>
              <ControlLabel
                            bsClass="control-label"
                            srOnly={false}
              >
                             Price in bitcoin 
              </ControlLabel>
              <span>
                             
                             
              </span>
</div>,
            <div
              className="col-lg-3 col-md-3"
>
              <ControlLabel
                            bsClass="control-label"
                            srOnly={false}
              >
                             Available Supply 
              </ControlLabel>
              <span>
                             
                             
              </span>
</div>,
            <div
              className="col-lg-3 col-md-3"
>
              <ControlLabel
                            bsClass="control-label"
                            srOnly={false}
              >
                             Total Supply 
              </ControlLabel>
              <span>
                             
                             
              </span>
</div>,
          ],
          "className": "row",
        },
        "ref": null,
        "rendered": Array [
          Object {
            "instance": null,
            "key": undefined,
            "nodeType": "host",
            "props": Object {
              "children": Array [
                <ControlLabel
                  bsClass="control-label"
                  srOnly={false}
>
                   Price in bitcoin 
</ControlLabel>,
                <span>
                   
                   
</span>,
              ],
              "className": "col-lg-3 col-md-3",
            },
            "ref": null,
            "rendered": Array [
              Object {
                "instance": null,
                "key": undefined,
                "nodeType": "class",
                "props": Object {
                  "bsClass": "control-label",
                  "children": " Price in bitcoin ",
                  "srOnly": false,
                },
                "ref": null,
                "rendered": " Price in bitcoin ",
                "type": [Function],
              },
              Object {
                "instance": null,
                "key": undefined,
                "nodeType": "host",
                "props": Object {
                  "children": Array [
                    " ",
                    null,
                    " ",
                  ],
                },
                "ref": null,
                "rendered": Array [
                  " ",
                  null,
                  " ",
                ],
                "type": "span",
              },
            ],
            "type": "div",
          },
          Object {
            "instance": null,
            "key": undefined,
            "nodeType": "host",
            "props": Object {
              "children": Array [
                <ControlLabel
                  bsClass="control-label"
                  srOnly={false}
>
                   Available Supply 
</ControlLabel>,
                <span>
                   
                   
</span>,
              ],
              "className": "col-lg-3 col-md-3",
            },
            "ref": null,
            "rendered": Array [
              Object {
                "instance": null,
                "key": undefined,
                "nodeType": "class",
                "props": Object {
                  "bsClass": "control-label",
                  "children": " Available Supply ",
                  "srOnly": false,
                },
                "ref": null,
                "rendered": " Available Supply ",
                "type": [Function],
              },
              Object {
                "instance": null,
                "key": undefined,
                "nodeType": "host",
                "props": Object {
                  "children": Array [
                    " ",
                    null,
                    " ",
                  ],
                },
                "ref": null,
                "rendered": Array [
                  " ",
                  null,
                  " ",
                ],
                "type": "span",
              },
            ],
            "type": "div",
          },
          Object {
            "instance": null,
            "key": undefined,
            "nodeType": "host",
            "props": Object {
              "children": Array [
                <ControlLabel
                  bsClass="control-label"
                  srOnly={false}
>
                   Total Supply 
</ControlLabel>,
                <span>
                   
                   
</span>,
              ],
              "className": "col-lg-3 col-md-3",
            },
            "ref": null,
            "rendered": Array [
              Object {
                "instance": null,
                "key": undefined,
                "nodeType": "class",
                "props": Object {
                  "bsClass": "control-label",
                  "children": " Total Supply ",
                  "srOnly": false,
                },
                "ref": null,
                "rendered": " Total Supply ",
                "type": [Function],
              },
              Object {
                "instance": null,
                "key": undefined,
                "nodeType": "host",
                "props": Object {
                  "children": Array [
                    " ",
                    null,
                    " ",
                  ],
                },
                "ref": null,
                "rendered": Array [
                  " ",
                  null,
                  " ",
                ],
                "type": "span",
              },
            ],
            "type": "div",
          },
        ],
        "type": "div",
      },
    ],
    "type": "div",
  },
  Symbol(enzyme.__nodes__): Array [
    Object {
      "instance": null,
      "key": undefined,
      "nodeType": "host",
      "props": Object {
        "children": Array [
          <div
            className="row"
>
            <div
                        className="col-lg-3 col-md-3"
            >
                        <ControlLabel
                                    bsClass="control-label"
                                    srOnly={false}
                        >
                                     Rank 
                        </ControlLabel>
                        <span>
                                     
                                    1
                                     
                        </span>
            </div>
            <div
                        className="col-lg-3 col-md-3"
            >
                        <ControlLabel
                                    bsClass="control-label"
                                    srOnly={false}
                        >
                                     Name 
                        </ControlLabel>
                        <span>
                                     
                                    Bitcoin
                                     
                        </span>
            </div>
            <div
                        className="col-lg-3 col-md-3"
            >
                        <ControlLabel
                                    bsClass="control-label"
                                    srOnly={false}
                        >
                                     Symbol 
                        </ControlLabel>
                        <span>
                                     
                                    BTC
                                     
                        </span>
            </div>
</div>,
          <div
            className="row"
>
            <div
                        className="col-lg-3 col-md-3"
            >
                        <ControlLabel
                                    bsClass="control-label"
                                    srOnly={false}
                        >
                                     
                                    Price in undefined
                                     
                        </ControlLabel>
                        <span>
                                     
                                     
                        </span>
            </div>
            <div
                        className="col-lg-3 col-md-3"
            >
                        <ControlLabel
                                    bsClass="control-label"
                                    srOnly={false}
                        >
                                     
                                    24h volume in undefined
                                     
                        </ControlLabel>
                        <span>
                                     
                                     
                        </span>
            </div>
            <div
                        className="col-lg-3 col-md-3"
            >
                        <ControlLabel
                                    bsClass="control-label"
                                    srOnly={false}
                        >
                                     
                                    Market Cap in undefined
                                     
                        </ControlLabel>
                        <span>
                                     
                                     
                        </span>
            </div>
</div>,
          <div
            className="row"
>
            <div
                        className="col-lg-3 col-md-3"
            >
                        <ControlLabel
                                    bsClass="control-label"
                                    srOnly={false}
                        >
                                     1h ​change 
                        </ControlLabel>
                        <span>
                                     
                                     
                        </span>
            </div>
            <div
                        className="col-lg-3 col-md-3"
            >
                        <ControlLabel
                                    bsClass="control-label"
                                    srOnly={false}
                        >
                                     24h change 
                        </ControlLabel>
                        <span>
                                     
                                     
                        </span>
            </div>
            <div
                        className="col-lg-3 col-md-3"
            >
                        <ControlLabel
                                    bsClass="control-label"
                                    srOnly={false}
                        >
                                     7d change 
                        </ControlLabel>
                        <span>
                                     
                                     
                        </span>
            </div>
</div>,
          <div
            className="row"
>
            <div
                        className="col-lg-3 col-md-3"
            >
                        <ControlLabel
                                    bsClass="control-label"
                                    srOnly={false}
                        >
                                     Price in bitcoin 
                        </ControlLabel>
                        <span>
                                     
                                     
                        </span>
            </div>
            <div
                        className="col-lg-3 col-md-3"
            >
                        <ControlLabel
                                    bsClass="control-label"
                                    srOnly={false}
                        >
                                     Available Supply 
                        </ControlLabel>
                        <span>
                                     
                                     
                        </span>
            </div>
            <div
                        className="col-lg-3 col-md-3"
            >
                        <ControlLabel
                                    bsClass="control-label"
                                    srOnly={false}
                        >
                                     Total Supply 
                        </ControlLabel>
                        <span>
                                     
                                     
                        </span>
            </div>
</div>,
        ],
        "className": "currency-details-margins",
      },
      "ref": null,
      "rendered": Array [
        Object {
          "instance": null,
          "key": undefined,
          "nodeType": "host",
          "props": Object {
            "children": Array [
              <div
                className="col-lg-3 col-md-3"
>
                <ControlLabel
                                bsClass="control-label"
                                srOnly={false}
                >
                                 Rank 
                </ControlLabel>
                <span>
                                 
                                1
                                 
                </span>
</div>,
              <div
                className="col-lg-3 col-md-3"
>
                <ControlLabel
                                bsClass="control-label"
                                srOnly={false}
                >
                                 Name 
                </ControlLabel>
                <span>
                                 
                                Bitcoin
                                 
                </span>
</div>,
              <div
                className="col-lg-3 col-md-3"
>
                <ControlLabel
                                bsClass="control-label"
                                srOnly={false}
                >
                                 Symbol 
                </ControlLabel>
                <span>
                                 
                                BTC
                                 
                </span>
</div>,
            ],
            "className": "row",
          },
          "ref": null,
          "rendered": Array [
            Object {
              "instance": null,
              "key": undefined,
              "nodeType": "host",
              "props": Object {
                "children": Array [
                  <ControlLabel
                    bsClass="control-label"
                    srOnly={false}
>
                     Rank 
</ControlLabel>,
                  <span>
                     
                    1
                     
</span>,
                ],
                "className": "col-lg-3 col-md-3",
              },
              "ref": null,
              "rendered": Array [
                Object {
                  "instance": null,
                  "key": undefined,
                  "nodeType": "class",
                  "props": Object {
                    "bsClass": "control-label",
                    "children": " Rank ",
                    "srOnly": false,
                  },
                  "ref": null,
                  "rendered": " Rank ",
                  "type": [Function],
                },
                Object {
                  "instance": null,
                  "key": undefined,
                  "nodeType": "host",
                  "props": Object {
                    "children": Array [
                      " ",
                      "1",
                      " ",
                    ],
                  },
                  "ref": null,
                  "rendered": Array [
                    " ",
                    "1",
                    " ",
                  ],
                  "type": "span",
                },
              ],
              "type": "div",
            },
            Object {
              "instance": null,
              "key": undefined,
              "nodeType": "host",
              "props": Object {
                "children": Array [
                  <ControlLabel
                    bsClass="control-label"
                    srOnly={false}
>
                     Name 
</ControlLabel>,
                  <span>
                     
                    Bitcoin
                     
</span>,
                ],
                "className": "col-lg-3 col-md-3",
              },
              "ref": null,
              "rendered": Array [
                Object {
                  "instance": null,
                  "key": undefined,
                  "nodeType": "class",
                  "props": Object {
                    "bsClass": "control-label",
                    "children": " Name ",
                    "srOnly": false,
                  },
                  "ref": null,
                  "rendered": " Name ",
                  "type": [Function],
                },
                Object {
                  "instance": null,
                  "key": undefined,
                  "nodeType": "host",
                  "props": Object {
                    "children": Array [
                      " ",
                      "Bitcoin",
                      " ",
                    ],
                  },
                  "ref": null,
                  "rendered": Array [
                    " ",
                    "Bitcoin",
                    " ",
                  ],
                  "type": "span",
                },
              ],
              "type": "div",
            },
            Object {
              "instance": null,
              "key": undefined,
              "nodeType": "host",
              "props": Object {
                "children": Array [
                  <ControlLabel
                    bsClass="control-label"
                    srOnly={false}
>
                     Symbol 
</ControlLabel>,
                  <span>
                     
                    BTC
                     
</span>,
                ],
                "className": "col-lg-3 col-md-3",
              },
              "ref": null,
              "rendered": Array [
                Object {
                  "instance": null,
                  "key": undefined,
                  "nodeType": "class",
                  "props": Object {
                    "bsClass": "control-label",
                    "children": " Symbol ",
                    "srOnly": false,
                  },
                  "ref": null,
                  "rendered": " Symbol ",
                  "type": [Function],
                },
                Object {
                  "instance": null,
                  "key": undefined,
                  "nodeType": "host",
                  "props": Object {
                    "children": Array [
                      " ",
                      "BTC",
                      " ",
                    ],
                  },
                  "ref": null,
                  "rendered": Array [
                    " ",
                    "BTC",
                    " ",
                  ],
                  "type": "span",
                },
              ],
              "type": "div",
            },
          ],
          "type": "div",
        },
        Object {
          "instance": null,
          "key": undefined,
          "nodeType": "host",
          "props": Object {
            "children": Array [
              <div
                className="col-lg-3 col-md-3"
>
                <ControlLabel
                                bsClass="control-label"
                                srOnly={false}
                >
                                 
                                Price in undefined
                                 
                </ControlLabel>
                <span>
                                 
                                 
                </span>
</div>,
              <div
                className="col-lg-3 col-md-3"
>
                <ControlLabel
                                bsClass="control-label"
                                srOnly={false}
                >
                                 
                                24h volume in undefined
                                 
                </ControlLabel>
                <span>
                                 
                                 
                </span>
</div>,
              <div
                className="col-lg-3 col-md-3"
>
                <ControlLabel
                                bsClass="control-label"
                                srOnly={false}
                >
                                 
                                Market Cap in undefined
                                 
                </ControlLabel>
                <span>
                                 
                                 
                </span>
</div>,
            ],
            "className": "row",
          },
          "ref": null,
          "rendered": Array [
            Object {
              "instance": null,
              "key": undefined,
              "nodeType": "host",
              "props": Object {
                "children": Array [
                  <ControlLabel
                    bsClass="control-label"
                    srOnly={false}
>
                     
                    Price in undefined
                     
</ControlLabel>,
                  <span>
                     
                     
</span>,
                ],
                "className": "col-lg-3 col-md-3",
              },
              "ref": null,
              "rendered": Array [
                Object {
                  "instance": null,
                  "key": undefined,
                  "nodeType": "class",
                  "props": Object {
                    "bsClass": "control-label",
                    "children": Array [
                      " ",
                      "Price in undefined",
                      " ",
                    ],
                    "srOnly": false,
                  },
                  "ref": null,
                  "rendered": Array [
                    " ",
                    "Price in undefined",
                    " ",
                  ],
                  "type": [Function],
                },
                Object {
                  "instance": null,
                  "key": undefined,
                  "nodeType": "host",
                  "props": Object {
                    "children": Array [
                      " ",
                      undefined,
                      " ",
                    ],
                  },
                  "ref": null,
                  "rendered": Array [
                    " ",
                    undefined,
                    " ",
                  ],
                  "type": "span",
                },
              ],
              "type": "div",
            },
            Object {
              "instance": null,
              "key": undefined,
              "nodeType": "host",
              "props": Object {
                "children": Array [
                  <ControlLabel
                    bsClass="control-label"
                    srOnly={false}
>
                     
                    24h volume in undefined
                     
</ControlLabel>,
                  <span>
                     
                     
</span>,
                ],
                "className": "col-lg-3 col-md-3",
              },
              "ref": null,
              "rendered": Array [
                Object {
                  "instance": null,
                  "key": undefined,
                  "nodeType": "class",
                  "props": Object {
                    "bsClass": "control-label",
                    "children": Array [
                      " ",
                      "24h volume in undefined",
                      " ",
                    ],
                    "srOnly": false,
                  },
                  "ref": null,
                  "rendered": Array [
                    " ",
                    "24h volume in undefined",
                    " ",
                  ],
                  "type": [Function],
                },
                Object {
                  "instance": null,
                  "key": undefined,
                  "nodeType": "host",
                  "props": Object {
                    "children": Array [
                      " ",
                      undefined,
                      " ",
                    ],
                  },
                  "ref": null,
                  "rendered": Array [
                    " ",
                    undefined,
                    " ",
                  ],
                  "type": "span",
                },
              ],
              "type": "div",
            },
            Object {
              "instance": null,
              "key": undefined,
              "nodeType": "host",
              "props": Object {
                "children": Array [
                  <ControlLabel
                    bsClass="control-label"
                    srOnly={false}
>
                     
                    Market Cap in undefined
                     
</ControlLabel>,
                  <span>
                     
                     
</span>,
                ],
                "className": "col-lg-3 col-md-3",
              },
              "ref": null,
              "rendered": Array [
                Object {
                  "instance": null,
                  "key": undefined,
                  "nodeType": "class",
                  "props": Object {
                    "bsClass": "control-label",
                    "children": Array [
                      " ",
                      "Market Cap in undefined",
                      " ",
                    ],
                    "srOnly": false,
                  },
                  "ref": null,
                  "rendered": Array [
                    " ",
                    "Market Cap in undefined",
                    " ",
                  ],
                  "type": [Function],
                },
                Object {
                  "instance": null,
                  "key": undefined,
                  "nodeType": "host",
                  "props": Object {
                    "children": Array [
                      " ",
                      undefined,
                      " ",
                    ],
                  },
                  "ref": null,
                  "rendered": Array [
                    " ",
                    undefined,
                    " ",
                  ],
                  "type": "span",
                },
              ],
              "type": "div",
            },
          ],
          "type": "div",
        },
        Object {
          "instance": null,
          "key": undefined,
          "nodeType": "host",
          "props": Object {
            "children": Array [
              <div
                className="col-lg-3 col-md-3"
>
                <ControlLabel
                                bsClass="control-label"
                                srOnly={false}
                >
                                 1h ​change 
                </ControlLabel>
                <span>
                                 
                                 
                </span>
</div>,
              <div
                className="col-lg-3 col-md-3"
>
                <ControlLabel
                                bsClass="control-label"
                                srOnly={false}
                >
                                 24h change 
                </ControlLabel>
                <span>
                                 
                                 
                </span>
</div>,
              <div
                className="col-lg-3 col-md-3"
>
                <ControlLabel
                                bsClass="control-label"
                                srOnly={false}
                >
                                 7d change 
                </ControlLabel>
                <span>
                                 
                                 
                </span>
</div>,
            ],
            "className": "row",
          },
          "ref": null,
          "rendered": Array [
            Object {
              "instance": null,
              "key": undefined,
              "nodeType": "host",
              "props": Object {
                "children": Array [
                  <ControlLabel
                    bsClass="control-label"
                    srOnly={false}
>
                     1h ​change 
</ControlLabel>,
                  <span>
                     
                     
</span>,
                ],
                "className": "col-lg-3 col-md-3",
              },
              "ref": null,
              "rendered": Array [
                Object {
                  "instance": null,
                  "key": undefined,
                  "nodeType": "class",
                  "props": Object {
                    "bsClass": "control-label",
                    "children": " 1h ​change ",
                    "srOnly": false,
                  },
                  "ref": null,
                  "rendered": " 1h ​change ",
                  "type": [Function],
                },
                Object {
                  "instance": null,
                  "key": undefined,
                  "nodeType": "host",
                  "props": Object {
                    "children": Array [
                      " ",
                      null,
                      " ",
                    ],
                  },
                  "ref": null,
                  "rendered": Array [
                    " ",
                    null,
                    " ",
                  ],
                  "type": "span",
                },
              ],
              "type": "div",
            },
            Object {
              "instance": null,
              "key": undefined,
              "nodeType": "host",
              "props": Object {
                "children": Array [
                  <ControlLabel
                    bsClass="control-label"
                    srOnly={false}
>
                     24h change 
</ControlLabel>,
                  <span>
                     
                     
</span>,
                ],
                "className": "col-lg-3 col-md-3",
              },
              "ref": null,
              "rendered": Array [
                Object {
                  "instance": null,
                  "key": undefined,
                  "nodeType": "class",
                  "props": Object {
                    "bsClass": "control-label",
                    "children": " 24h change ",
                    "srOnly": false,
                  },
                  "ref": null,
                  "rendered": " 24h change ",
                  "type": [Function],
                },
                Object {
                  "instance": null,
                  "key": undefined,
                  "nodeType": "host",
                  "props": Object {
                    "children": Array [
                      " ",
                      null,
                      " ",
                    ],
                  },
                  "ref": null,
                  "rendered": Array [
                    " ",
                    null,
                    " ",
                  ],
                  "type": "span",
                },
              ],
              "type": "div",
            },
            Object {
              "instance": null,
              "key": undefined,
              "nodeType": "host",
              "props": Object {
                "children": Array [
                  <ControlLabel
                    bsClass="control-label"
                    srOnly={false}
>
                     7d change 
</ControlLabel>,
                  <span>
                     
                     
</span>,
                ],
                "className": "col-lg-3 col-md-3",
              },
              "ref": null,
              "rendered": Array [
                Object {
                  "instance": null,
                  "key": undefined,
                  "nodeType": "class",
                  "props": Object {
                    "bsClass": "control-label",
                    "children": " 7d change ",
                    "srOnly": false,
                  },
                  "ref": null,
                  "rendered": " 7d change ",
                  "type": [Function],
                },
                Object {
                  "instance": null,
                  "key": undefined,
                  "nodeType": "host",
                  "props": Object {
                    "children": Array [
                      " ",
                      null,
                      " ",
                    ],
                  },
                  "ref": null,
                  "rendered": Array [
                    " ",
                    null,
                    " ",
                  ],
                  "type": "span",
                },
              ],
              "type": "div",
            },
          ],
          "type": "div",
        },
        Object {
          "instance": null,
          "key": undefined,
          "nodeType": "host",
          "props": Object {
            "children": Array [
              <div
                className="col-lg-3 col-md-3"
>
                <ControlLabel
                                bsClass="control-label"
                                srOnly={false}
                >
                                 Price in bitcoin 
                </ControlLabel>
                <span>
                                 
                                 
                </span>
</div>,
              <div
                className="col-lg-3 col-md-3"
>
                <ControlLabel
                                bsClass="control-label"
                                srOnly={false}
                >
                                 Available Supply 
                </ControlLabel>
                <span>
                                 
                                 
                </span>
</div>,
              <div
                className="col-lg-3 col-md-3"
>
                <ControlLabel
                                bsClass="control-label"
                                srOnly={false}
                >
                                 Total Supply 
                </ControlLabel>
                <span>
                                 
                                 
                </span>
</div>,
            ],
            "className": "row",
          },
          "ref": null,
          "rendered": Array [
            Object {
              "instance": null,
              "key": undefined,
              "nodeType": "host",
              "props": Object {
                "children": Array [
                  <ControlLabel
                    bsClass="control-label"
                    srOnly={false}
>
                     Price in bitcoin 
</ControlLabel>,
                  <span>
                     
                     
</span>,
                ],
                "className": "col-lg-3 col-md-3",
              },
              "ref": null,
              "rendered": Array [
                Object {
                  "instance": null,
                  "key": undefined,
                  "nodeType": "class",
                  "props": Object {
                    "bsClass": "control-label",
                    "children": " Price in bitcoin ",
                    "srOnly": false,
                  },
                  "ref": null,
                  "rendered": " Price in bitcoin ",
                  "type": [Function],
                },
                Object {
                  "instance": null,
                  "key": undefined,
                  "nodeType": "host",
                  "props": Object {
                    "children": Array [
                      " ",
                      null,
                      " ",
                    ],
                  },
                  "ref": null,
                  "rendered": Array [
                    " ",
                    null,
                    " ",
                  ],
                  "type": "span",
                },
              ],
              "type": "div",
            },
            Object {
              "instance": null,
              "key": undefined,
              "nodeType": "host",
              "props": Object {
                "children": Array [
                  <ControlLabel
                    bsClass="control-label"
                    srOnly={false}
>
                     Available Supply 
</ControlLabel>,
                  <span>
                     
                     
</span>,
                ],
                "className": "col-lg-3 col-md-3",
              },
              "ref": null,
              "rendered": Array [
                Object {
                  "instance": null,
                  "key": undefined,
                  "nodeType": "class",
                  "props": Object {
                    "bsClass": "control-label",
                    "children": " Available Supply ",
                    "srOnly": false,
                  },
                  "ref": null,
                  "rendered": " Available Supply ",
                  "type": [Function],
                },
                Object {
                  "instance": null,
                  "key": undefined,
                  "nodeType": "host",
                  "props": Object {
                    "children": Array [
                      " ",
                      null,
                      " ",
                    ],
                  },
                  "ref": null,
                  "rendered": Array [
                    " ",
                    null,
                    " ",
                  ],
                  "type": "span",
                },
              ],
              "type": "div",
            },
            Object {
              "instance": null,
              "key": undefined,
              "nodeType": "host",
              "props": Object {
                "children": Array [
                  <ControlLabel
                    bsClass="control-label"
                    srOnly={false}
>
                     Total Supply 
</ControlLabel>,
                  <span>
                     
                     
</span>,
                ],
                "className": "col-lg-3 col-md-3",
              },
              "ref": null,
              "rendered": Array [
                Object {
                  "instance": null,
                  "key": undefined,
                  "nodeType": "class",
                  "props": Object {
                    "bsClass": "control-label",
                    "children": " Total Supply ",
                    "srOnly": false,
                  },
                  "ref": null,
                  "rendered": " Total Supply ",
                  "type": [Function],
                },
                Object {
                  "instance": null,
                  "key": undefined,
                  "nodeType": "host",
                  "props": Object {
                    "children": Array [
                      " ",
                      null,
                      " ",
                    ],
                  },
                  "ref": null,
                  "rendered": Array [
                    " ",
                    null,
                    " ",
                  ],
                  "type": "span",
                },
              ],
              "type": "div",
            },
          ],
          "type": "div",
        },
      ],
      "type": "div",
    },
  ],
  Symbol(enzyme.__options__): Object {
    "adapter": ReactSixteenAdapter {
      "options": Object {
        "enableComponentDidUpdateOnSetState": true,
      },
    },
    "disableLifecycleMethods": true,
  },
}
`;
